{
    "list_info": {
        "page": 1,
        "num_pages": 71,
        "num_results": 142,
        "page_size": 2
    },
    "signature_requests": [
        {
            "signature_request_id": "af76a44fc9e0e67c3c1a23f1292563077cd01d5f",
            "test_mode": false,
            "title": "Lease Agreement Document V1",
            "original_title": "Lease Agreement Document V1",
            "subject": "Lease Agreement Document V1",
            "message": "Lease Agreement Document V1",
            "metadata": {},
            "created_at": 1593664935,
            "is_complete": true,
            "is_declined": false,
            "has_error": false,
            "custom_fields": [],
            "response_data": [
                {
                    "name": "John Doe",
                    "type": "signature",
                    "required": true,
                    "api_id": "44578012-663a-4ae1-8131-b7aecacd6312",
                    "value": null,
                    "signature_id": "fb27d49defc2ad9f23b2bce25bb13ffd"
                }
            ],
            "signing_url": "https://app.hellosign.com/sign/af76a44fc9e0e67c3c1a23f1292563077cd01d5f",
            "signing_redirect_url": null,
            "final_copy_uri": "/v3/signature_request/final_copy/af76a44fc9e0e67c3c1a23f1292563077cd01d5f",
            "files_url": "https://api.hellosign.com/v3/signature_request/files/af76a44fc9e0e67c3c1a23f1292563077cd01d5f",
            "details_url": "https://app.hellosign.com/home/manage?guid=af76a44fc9e0e67c3c1a23f1292563077cd01d5f",
            "requester_email_address": "penrose@gmail.com",
            "signatures": [
                {
                    "signature_id": "fb27d49defc2ad9f23b2bce25bb13ffx",
                    "has_pin": false,
                    "signer_email_address": "johndoe@gmail.com",
                    "signer_name": "John Doe",
                    "signer_role": null,
                    "order": null,
                    "status_code": "signed",
                    "signed_at": 1593665121,
                    "last_viewed_at": 1593665085,
                    "last_reminded_at": null,
                    "error": null
                }
            ],
            "cc_email_addresses": [],
            "template_ids": null
        },
        {
            "signature_request_id": "ff09a0f6d37a84404f29b98e4d8e6c6f1ccfc708",
            "test_mode": true,
            "title": "Lease Agreement Document V2",
            "original_title": "Lease Agreement Document V2",
            "subject": "Lease Agreement Document V2",
            "message": "Please sign this lease agreement document",
            "metadata": {},
            "created_at": 1557720696,
            "is_complete": false,
            "is_declined": false,
            "has_error": false,
            "custom_fields": [],
            "response_data": [],
            "signing_url": "https://app.hellosign.com/sign/ff09a0f6d37a84404f29b98e4d8e6c6f1ccfc708",
            "signing_redirect_url": null,
            "final_copy_uri": "/v3/signature_request/final_copy/ff09a0f6d37a84404f29b98e4d8e6c6f1ccfc708",
            "files_url": "https://api.hellosign.com/v3/signature_request/files/ff09a0f6d37a84404f29b98e4d8e6c6f1ccfc708",
            "details_url": "https://app.hellosign.com/home/manage?guid=ff09a0f6d37a84404f29b98e4d8e6c6f1ccfc708",
            "requester_email_address": "johndoe@gmail.com",
            "signatures": [
                {
                    "signature_id": "dc25b7aa90799353ae2c904d5c1a1dev",
                    "has_pin": false,
                    "signer_email_address": "johndoe@gmail.com",
                    "signer_name": "John Doe",
                    "signer_role": null,
                    "order": 0,
                    "status_code": "awaiting_signature",
                    "signed_at": null,
                    "last_viewed_at": null,
                    "last_reminded_at": null,
                    "error": null
                },
                {
                    "signature_id": "5202916f244169e6bf7b991b961e4354",
                    "has_pin": false,
                    "signer_email_address": "penrose@gmail.com",
                    "signer_name": "Penrose",
                    "signer_role": null,
                    "order": 1,
                    "status_code": "awaiting_signature",
                    "signed_at": null,
                    "last_viewed_at": null,
                    "last_reminded_at": null,
                    "error": null
                }
            ],
            "cc_email_addresses": [
                "joseblair@gmail.com",
                "ilham@cohive.space",
                "qa.bds.evisea@outlook.com"
            ],
            "template_ids": null
        }
    ]
}
